// Jest Snapshot v1, https://goo.gl/fbAQLP

exports[`hello handler should say hello back 1`] = `
Array [
  Array [
    Array [
      Array [
        "I'm watching you...",
        "Always watching...",
        "Always!",
      ],
    ],
  ],
]
`;
